// Jest Snapshot v1, https://goo.gl/fbAQLP

exports[`ProductTitle test Should to show the component with the product name 1`] = `
<div
  className="productCard undefined"
>
  <span
    className="productDescription undefined"
  >
    Coffee Mug - Sin imagen
  </span>
</div>
`;

exports[`ProductTitle test should to show the component with the custom title 1`] = `
<span
  className="productDescription custom-class"
>
  Custom Product
</span>
`;
